// Vitest Snapshot v1, https://vitest.dev/guide/snapshot.html

exports[`buildPlan > 생성 트리가 스냅샷과 일치한다 (전체 모듈, cursor+claude) 1`] = `
[
  ".claude/settings.json",
  ".claude/skills/design-system/SKILL.md",
  ".claude/skills/harness-setup/SKILL.md",
  ".claude/skills/impl/SKILL.md",
  ".claude/skills/ship/SKILL.md",
  ".claude/skills/spec/SKILL.md",
  ".claude/skills/ux-review/SKILL.md",
  ".claude/skills/verify/SKILL.md",
  ".cursor/commands/ds-add.md",
  ".cursor/commands/ds-init.md",
  ".cursor/commands/harness-setup.md",
  ".cursor/commands/impl.md",
  ".cursor/commands/ship.md",
  ".cursor/commands/spec.md",
  ".cursor/commands/ux-review.md",
  ".cursor/commands/verify.md",
  ".cursor/hooks.json",
  ".cursor/rules/00-core.mdc",
  ".cursor/rules/10-architecture.mdc",
  ".cursor/rules/20-data-fetching.mdc",
  ".cursor/rules/30-design-system.mdc",
  ".cursor/rules/40-testing.mdc",
  ".cursor/rules/50-auth-http.mdc",
  ".harness/config.json",
  ".harness/gates/gate.mjs",
  ".harness/gates/pre-commit-gate.sh",
  ".harness/gates/run-checks.mjs",
  ".harness/gates/storybook-check.mjs",
  "AGENTS.md",
  "CLAUDE.md",
  "commitlint.config.js",
  "docs/architecture.md",
  "docs/decisions.md",
  "docs/product-spec.md",
  "docs/specs/_template.md",
  "docs/task-log.md",
  "eslint.harness.config.js",
  "prettier.config.js",
  "src/components/shared/ProtectedRoute.tsx",
  "src/design-system/_story-template.tsx",
  "src/design-system/tokens.css",
  "src/design-system/tokens.ts",
  "src/queries/Example/exampleApi.ts",
  "src/queries/Example/exampleQueryKeys.ts",
  "src/queries/Example/index.ts",
  "src/stores/shared/alertDialogStore.ts",
  "src/types/api.ts",
  "src/utils/axiosInstance.ts",
  "stylelint.config.js",
]
`;
